Recompilation de ConicBundle (MODE=OPTI) + du pont natif...
make: Entering directory '/lustre/fswork/projects/rech/llc/uvq13au/FastSDPCertification/Miqcr-1.0_triang_sbb_gurobiter_QCP5/ConicBundle'
make: Nothing to be done for 'all'.
make: Leaving directory '/lustre/fswork/projects/rech/llc/uvq13au/FastSDPCertification/Miqcr-1.0_triang_sbb_gurobiter_QCP5/ConicBundle'
make: Entering directory '/lustre/fswork/projects/rech/llc/uvq13au/FastSDPCertification/src/miqcr_bridge/conicbundle_native'
make: Nothing to be done for 'all'.
make: Leaving directory '/lustre/fswork/projects/rech/llc/uvq13au/FastSDPCertification/src/miqcr_bridge/conicbundle_native'
Network: _tmp_battery_untargeted_dynamic_rlt
Run name: battery-untargeted-rlt-cert
Job ID: 478876
Indices: 69 89 6 84 64
Number of CPU :  80
Loading certification problem from /lustre/fswork/projects/rech/llc/uvq13au/FastSDPCertification/config/_tmp_battery_untargeted_dynamic_rlt.yaml ...
Loading dataset ...
config :  {'data': {'name': 'mnist', 'path': 'data/datasets/mnist_subset_10_per_class.pth', 'num_classes': 10, 'num_samples': 100}, 'divide_run': 1, 'input_ball': {'epsilon': 0.026, 'norm': 'Linf'}, 'network': {'name': '9x100', 'path': 'data/models/mnist_adv_9x100.pt', 'K': 10, 'n': [784, 100, 100, 100, 100, 100, 100, 100, 100, 100, 10]}, 'models': [{'certification_model_type': 'UntargetedSDP', 'solver': 'mosek_classic', 'cuts': ['RLT', 'triangularization', 'McCormick_beta_z', 'beta_logits_comparaison', 'beta_logits_comparaison_big_M', 'sum_beta_logits_equal_logit'], 'RLT_props': [1.0], 'all_combinations_cuts': False, 'CHORDAL_DECOMPOSITION': True, 'LAST_LAYER': False, 'use_callback': False, 'use_active_neurons': True, 'use_inactive_neurons': False, 'keep_penultimate_actives': True, 'bounds_method': 'from_file', 'bounds_file': 'data/bounds/9x100-0.026_linf.csv', 'solver_time_limit': 400, 'dynamic_conic_bundle': {'enabled': True, 'dualize': ['RLT'], 'engine': 'conicbundle_native', 'dynamic': True, 'factor': 0.01, 'max_iter': 500, 'term_relprec': 1e-07, 'log_every': 5, 'print_level': 0, 'eval_limit': 2000, 'print_png': True, 'png_every': 10, 'add_batch_size': 50, 'theta_drop_tol': 1e-08, 'max_rounds': 100}, 'use_compact_add_rlt': True}]}
Dataset loaded successfully.
Loading epsilon ...
CONFIG  inf CERTIFICATION PROBLEM:      {'data': {'name': 'mnist', 'path': 'data/datasets/mnist_subset_10_per_class.pth', 'num_classes': 10, 'num_samples': 100}, 'divide_run': 1, 'input_ball': {'epsilon': 0.026, 'norm': 'Linf'}, 'network': {'name': '9x100', 'path': 'data/models/mnist_adv_9x100.pt', 'K': 10, 'n': [784, 100, 100, 100, 100, 100, 100, 100, 100, 100, 10]}, 'models': [{'certification_model_type': 'UntargetedSDP', 'solver': 'mosek_classic', 'cuts': ['RLT', 'triangularization', 'McCormick_beta_z', 'beta_logits_comparaison', 'beta_logits_comparaison_big_M', 'sum_beta_logits_equal_logit'], 'RLT_props': [1.0], 'all_combinations_cuts': False, 'CHORDAL_DECOMPOSITION': True, 'LAST_LAYER': False, 'use_callback': False, 'use_active_neurons': True, 'use_inactive_neurons': False, 'keep_penultimate_actives': True, 'bounds_method': 'from_file', 'bounds_file': 'data/bounds/9x100-0.026_linf.csv', 'solver_time_limit': 400, 'dynamic_conic_bundle': {'enabled': True, 'dualize': ['RLT'], 'engine': 'conicbundle_native', 'dynamic': True, 'factor': 0.01, 'max_iter': 500, 'term_relprec': 1e-07, 'log_every': 5, 'print_level': 0, 'eval_limit': 2000, 'print_png': True, 'png_every': 10, 'add_batch_size': 50, 'theta_drop_tol': 1e-08, 'max_rounds': 100}, 'use_compact_add_rlt': True}]}
Epsilon: 0.026, Norm: Linf
Network loaded successfully.
Data name from config: mnist
Initializing Certification Problem ...
Models in certification problem: [SDPSolverConfig(certification_model_type='UntargetedSDP', cuts=['RLT', 'triangularization', 'McCormick_beta_z', 'beta_logits_comparaison', 'beta_logits_comparaison_big_M', 'sum_beta_logits_equal_logit'], all_combinations_cuts=False, RLT_props=[1.0], CHORDAL_DECOMPOSITION=True, LAST_LAYER=False, solver='mosek_classic', cp_solver='MOSEK', cp_solver_kwargs=None, use_callback=False, use_active_neurons=True, ultimate_layer_use_active_neurons=100000.0, use_inactive_neurons=False, keep_penultimate_actives=True, use_compact_add_rlt=True, bounds_file='data/bounds/9x100-0.026_linf.csv', L=None, U=None, bounds_method='from_file', bounds_n_runs=1, write_model=False, INPUT_IN_VARIABLES=True, solver_time_limit=400, dynamic_conic_bundle=DynamicConicBundleConfig(enabled=True, dualize=['RLT'], engine='conicbundle_native', term_relprec=1e-07, eval_limit=2000, print_level=0, log_every=5, active_bounds_fixing=True, max_subg_by_point=10, dynamic=True, max_iter=500, C1=0.0001, C2=0.1, proximal_u_init=1.0, theta_drop_tol=1e-08, add_batch_size=50, max_rounds=100, max_bundle_size=None, bundle_size_factor=None, factor=0.01, max_new_subgradients=None, log_theta_every_n_iter=1, print_png=True, png_every=10, stop_when_positive=True, positivity_threshold=1e-06))]
Data name in certification problem: mnist
dataset in certification problem: <torch.utils.data.dataset.TensorDataset object at 0x152669183040>
Certification Problem initialized !
Starting certification problem solving ...
self.models: [SDPSolverConfig(certification_model_type='UntargetedSDP', cuts=['RLT', 'triangularization', 'McCormick_beta_z', 'beta_logits_comparaison', 'beta_logits_comparaison_big_M', 'sum_beta_logits_equal_logit'], all_combinations_cuts=False, RLT_props=[1.0], CHORDAL_DECOMPOSITION=True, LAST_LAYER=False, solver='mosek_classic', cp_solver='MOSEK', cp_solver_kwargs=None, use_callback=False, use_active_neurons=True, ultimate_layer_use_active_neurons=100000.0, use_inactive_neurons=False, keep_penultimate_actives=True, use_compact_add_rlt=True, bounds_file='data/bounds/9x100-0.026_linf.csv', L=None, U=None, bounds_method='from_file', bounds_n_runs=1, write_model=False, INPUT_IN_VARIABLES=True, solver_time_limit=400, dynamic_conic_bundle=DynamicConicBundleConfig(enabled=True, dualize=['RLT'], engine='conicbundle_native', term_relprec=1e-07, eval_limit=2000, print_level=0, log_every=5, active_bounds_fixing=True, max_subg_by_point=10, dynamic=True, max_iter=500, C1=0.0001, C2=0.1, proximal_u_init=1.0, theta_drop_tol=1e-08, add_batch_size=50, max_rounds=100, max_bundle_size=None, bundle_size_factor=None, factor=0.01, max_new_subgradients=None, log_theta_every_n_iter=1, print_png=True, png_every=10, stop_when_positive=True, positivity_threshold=1e-06))]
Solving with model: UntargetedSDP
model dict : certification_model_type='UntargetedSDP' cuts=['RLT', 'triangularization', 'McCormick_beta_z', 'beta_logits_comparaison', 'beta_logits_comparaison_big_M', 'sum_beta_logits_equal_logit'] all_combinations_cuts=False RLT_props=[1.0] CHORDAL_DECOMPOSITION=True LAST_LAYER=False solver='mosek_classic' cp_solver='MOSEK' cp_solver_kwargs=None use_callback=False use_active_neurons=True ultimate_layer_use_active_neurons=100000.0 use_inactive_neurons=False keep_penultimate_actives=True use_compact_add_rlt=True bounds_file='data/bounds/9x100-0.026_linf.csv' L=None U=None bounds_method='from_file' bounds_n_runs=1 write_model=False INPUT_IN_VARIABLES=True solver_time_limit=400 dynamic_conic_bundle=DynamicConicBundleConfig(enabled=True, dualize=['RLT'], engine='conicbundle_native', term_relprec=1e-07, eval_limit=2000, print_level=0, log_every=5, active_bounds_fixing=True, max_subg_by_point=10, dynamic=True, max_iter=500, C1=0.0001, C2=0.1, proximal_u_init=1.0, theta_drop_tol=1e-08, add_batch_size=50, max_rounds=100, max_bundle_size=None, bundle_size_factor=None, factor=0.01, max_new_subgradients=None, log_theta_every_n_iter=1, print_png=True, png_every=10, stop_when_positive=True, positivity_threshold=1e-06)
Running conic bundle certification with solver: UntargetedSDP (dynamic=True)
Initializing UntargetedSDP...
Creating list of ytargets...
K :  10
self.n :  [784 100 100 100 100 100 100 100 100 100  10]
Getting to compute bounds...
STUDY : use active neurons:  True use inactive neurons:  False
STUDY : Nb Stable neurons :  451
Number of cuts to test: 1
Cuts to test: [['RLT', 'triangularization', 'McCormick_beta_z', 'beta_logits_comparaison', 'beta_logits_comparaison_big_M', 'sum_beta_logits_equal_logit']]
Initializing MosekClassicHandler

 
 folder name dans handler:  /lustre/fswork/projects/rech/llc/uvq13au/FastSDPCertification/results/benchmark/9x100-0.026/2026_10_02_00h37_33s_battery-untargeted-rlt-cert
LAST_LAYER in resolve_layer_groups :  False
K :  10
CHORDAL_DECOMPOSITION  in resolve layer groups:  True
INPUT_IN_VARIABLES in resolve_layer_groups :  True
Taille de la matrice pour le groupe 0 [0, 1] : 829
Taille de la matrice pour le groupe 1 [1, 2] : 112
Taille de la matrice pour le groupe 2 [2, 3] : 120
Taille de la matrice pour le groupe 3 [3, 4] : 96
Taille de la matrice pour le groupe 4 [4, 5] : 80
Taille de la matrice pour le groupe 5 [5, 6] : 80
Taille de la matrice pour le groupe 6 [6, 7] : 98
Taille de la matrice pour le groupe 7 [7, 8] : 104
Taille de la matrice pour le groupe 8 [8, 9] : 106
ytargets in UntargetedSDP: [1, 2, 3, 4, 5, 6, 7, 8, 9]
Adjusting MOSEK solver parameters
MOSEK time limit set to 400s
Making objective ...
Initializing variables...
CALLBACK num variables : 776418
Adding ReLU constraints for layer 1
Adding ReLU constraints for layer 2
Adding ReLU constraints for layer 3
Adding ReLU constraints for layer 4
Adding ReLU constraints for layer 5
Adding ReLU constraints for layer 6
Adding ReLU constraints for layer 7
Adding ReLU constraints for layer 8
Adding ReLU constraints for layer 9
Adding quadratic bounds constraint
Adding quadratic bounds constraint for layer 0
Adding quadratic bounds constraint for layer 1
Adding quadratic bounds constraint for layer 2
Adding quadratic bounds constraint for layer 3
Adding quadratic bounds constraint for layer 4
Adding quadratic bounds constraint for layer 5
Adding quadratic bounds constraint for layer 6
Adding quadratic bounds constraint for layer 7
Adding quadratic bounds constraint for layer 8
Adding quadratic bounds constraint for layer 9
Adding RLT constraint (compact)
Indexes pruned for layer 1 : []
Indexes pruned for layer 2 : [0, 2, 4, 6, 7, 9, 10, 11, 12, 13, 14, 18, 19, 22, 24, 25, 26, 32, 36, 38, 39, 41, 42, 44, 45, 47, 50, 51, 54, 55, 56, 57, 58, 61, 63, 64, 65, 68, 69, 70, 74, 75, 76, 77, 78, 80, 83, 85, 87, 88, 89, 91, 92, 95, 99]
Indexes pruned for layer 3 : [4, 7, 9, 11, 19, 24, 31, 32, 34, 37, 38, 42, 44, 47, 50, 53, 54, 59, 61, 62, 64, 68, 70, 75, 77, 80, 81, 82, 85, 86, 88, 95, 99]
Indexes pruned for layer 4 : [0, 5, 6, 7, 9, 11, 12, 14, 15, 16, 17, 22, 25, 27, 28, 30, 32, 37, 39, 42, 43, 44, 49, 50, 52, 54, 56, 58, 59, 60, 63, 65, 66, 70, 71, 72, 74, 75, 76, 84, 86, 88, 90, 93, 95, 96, 99]
Indexes pruned for layer 5 : [0, 1, 2, 5, 6, 7, 8, 9, 11, 12, 15, 16, 18, 20, 23, 24, 26, 29, 30, 31, 34, 38, 39, 40, 41, 43, 44, 45, 47, 49, 50, 52, 55, 57, 58, 59, 61, 64, 67, 68, 70, 73, 74, 75, 79, 80, 81, 83, 84, 87, 89, 91, 92, 93, 95, 98, 99]
Indexes pruned for layer 6 : [0, 1, 2, 3, 4, 6, 9, 11, 13, 15, 17, 21, 22, 25, 26, 27, 29, 31, 32, 33, 35, 36, 37, 39, 40, 41, 42, 45, 46, 48, 50, 51, 52, 54, 57, 58, 59, 61, 62, 65, 66, 67, 68, 72, 74, 76, 77, 78, 79, 81, 82, 83, 84, 85, 86, 87, 88, 90, 91, 92, 95, 96, 97]
Indexes pruned for layer 7 : [2, 3, 4, 6, 7, 8, 11, 12, 14, 18, 21, 23, 27, 28, 30, 31, 34, 35, 36, 38, 39, 41, 42, 47, 48, 53, 54, 55, 57, 58, 60, 61, 66, 67, 68, 70, 72, 73, 74, 75, 76, 78, 79, 82, 83, 84, 85, 86, 91, 92, 93, 94, 95, 96, 97, 98, 99]
Indexes pruned for layer 8 : [2, 3, 4, 6, 9, 11, 17, 18, 20, 22, 24, 26, 28, 29, 32, 33, 35, 36, 37, 43, 46, 49, 54, 55, 56, 57, 62, 63, 64, 65, 66, 72, 74, 75, 76, 77, 79, 84, 85, 90, 92, 95, 96, 97, 98]
Indexes pruned for layer 9 : [0, 2, 5, 6, 7, 9, 13, 16, 17, 19, 25, 27, 28, 29, 31, 32, 33, 36, 40, 43, 44, 45, 48, 49, 51, 53, 55, 56, 58, 59, 62, 63, 64, 65, 66, 67, 68, 70, 74, 75, 78, 79, 82, 83, 84, 88, 93, 94, 95, 96, 98]
CALLBACK : RLT (compact) = 55160 (dont 0 en repli chemin lent)
Adding first term equal zero constraint
Adding rec matrices constraint
Number of constraints for the matrix by layers: 392 for 10 layers, [784 100 100 100 100 100 100 100 100 100  10] neurons, boundary layers: [1, 2, 3, 4, 5, 6, 7, 8]
CALLBACK : Ending constraints. Total number of constraints :  171186
Cuts in _write_presolve_row:  ['RLT', 'triangularization', 'McCormick_beta_z', 'beta_logits_comparaison', 'beta_logits_comparaison_big_M', 'sum_beta_logits_equal_logit']
Number of constraints before optimization:  171186
Number of variables before optimization:  776418
All possible cuts:  ['RLT', 'triangularization', 'McCormick_beta_z', 'beta_logits_comparaison', 'beta_logits_comparaison_big_M', 'sum_beta_logits_equal_logit']
Cuts added to dic for _write_presolve_row:  {'RLT': True, 'triangularization': True, 'McCormick_beta_z': True, 'beta_logits_comparaison': True, 'beta_logits_comparaison_big_M': True, 'sum_beta_logits_equal_logit': True}
Writing pre-solve row to results.csv with data_index: 6 target: None
Pre-solve row written to results.csv with data_index: 6 target: None
Pre-solve row written to results.csv with 171186 constraints and 776418 variables.
INFO     00:38:05     [objective_classic.py:97] Adding Objective to the task
CALLBACK : Number of constraints : 171186
[conic bundle] factor=0.01 x 165480 contraintes dualisables candidates => 1655 reellement dualisees (les 163825 autres relachees mais jamais penalisees)
  [cb_native dynamic calibration] h(0)=-2.913028 pool_initial=50/1655
  [cb_native dynamic oracle #5] h=-2.913388 best=-2.913028 pool=50/1655
**** WARNING: FunctionProblem::add_variable(): subgradient extension failed
  [cb_native dynamic oracle #10] h=-2.913028 best=-2.913028 pool=78/1655
[cb_native dynamic] round 1: +28 -50 (pool=28/1655)
[cb_native dynamic] cycle detecte : le pool resultant de ce round (+50 -28) a deja ete visite -- arret pour eviter une oscillation infinie, n_iter=2, pool avant maj=28/1655.
[cb_native dynamic] n_iter=2 n_oracle_calls=11 n_pool_updates=1 pool_final=28/1655 termination_code=1 h_center=-2.913028 best_h=-2.913028 stop_reason=None
[conic bundle] data_index=6 target=None optimal_value=-2.9130276966119295 n_iter=2 (318.82s)
Initializing UntargetedSDP...
Creating list of ytargets...
K :  10
self.n :  [784 100 100 100 100 100 100 100 100 100  10]
Getting to compute bounds...
STUDY : use active neurons:  True use inactive neurons:  False
STUDY : Nb Stable neurons :  460
Number of cuts to test: 1
Cuts to test: [['RLT', 'triangularization', 'McCormick_beta_z', 'beta_logits_comparaison', 'beta_logits_comparaison_big_M', 'sum_beta_logits_equal_logit']]
Initializing MosekClassicHandler

 
 folder name dans handler:  /lustre/fswork/projects/rech/llc/uvq13au/FastSDPCertification/results/benchmark/9x100-0.026/2026_10_02_00h37_33s_battery-untargeted-rlt-cert
LAST_LAYER in resolve_layer_groups :  False
K :  10
CHORDAL_DECOMPOSITION  in resolve layer groups:  True
INPUT_IN_VARIABLES in resolve_layer_groups :  True
Taille de la matrice pour le groupe 0 [0, 1] : 819
Taille de la matrice pour le groupe 1 [1, 2] : 104
Taille de la matrice pour le groupe 2 [2, 3] : 121
Taille de la matrice pour le groupe 3 [3, 4] : 94
Taille de la matrice pour le groupe 4 [4, 5] : 81
Taille de la matrice pour le groupe 5 [5, 6] : 81
Taille de la matrice pour le groupe 6 [6, 7] : 96
Taille de la matrice pour le groupe 7 [7, 8] : 102
Taille de la matrice pour le groupe 8 [8, 9] : 107
ytargets in UntargetedSDP: [0, 1, 2, 3, 4, 5, 7, 8, 9]
Adjusting MOSEK solver parameters
MOSEK time limit set to 400s
Making objective ...
Initializing variables...
CALLBACK num variables : 757744
Adding ReLU constraints for layer 1
Adding ReLU constraints for layer 2
Adding ReLU constraints for layer 3
Adding ReLU constraints for layer 4
Adding ReLU constraints for layer 5
Adding ReLU constraints for layer 6
Adding ReLU constraints for layer 7
Adding ReLU constraints for layer 8
Adding ReLU constraints for layer 9
Adding quadratic bounds constraint
Adding quadratic bounds constraint for layer 0
Adding quadratic bounds constraint for layer 1
Adding quadratic bounds constraint for layer 2
Adding quadratic bounds constraint for layer 3
Adding quadratic bounds constraint for layer 4
Adding quadratic bounds constraint for layer 5
Adding quadratic bounds constraint for layer 6
Adding quadratic bounds constraint for layer 7
Adding quadratic bounds constraint for layer 8
Adding quadratic bounds constraint for layer 9
Adding RLT constraint (compact)
Indexes pruned for layer 1 : []
Indexes pruned for layer 2 : [0, 1, 2, 4, 7, 8, 9, 10, 12, 13, 14, 16, 17, 18, 19, 21, 22, 23, 24, 26, 27, 28, 31, 32, 33, 34, 36, 38, 39, 41, 43, 44, 45, 46, 47, 50, 54, 56, 57, 60, 61, 62, 63, 64, 65, 68, 69, 70, 71, 75, 76, 77, 78, 80, 82, 83, 85, 87, 88, 89, 90, 91, 92, 95, 99]
Indexes pruned for layer 3 : [7, 13, 15, 17, 21, 24, 31, 32, 34, 38, 44, 47, 53, 54, 61, 64, 66, 69, 70, 73, 74, 75, 79, 80, 85, 88, 92, 94, 95, 98, 99]
Indexes pruned for layer 4 : [0, 3, 5, 6, 7, 8, 9, 11, 12, 14, 17, 18, 22, 23, 25, 27, 28, 30, 32, 37, 39, 40, 42, 43, 44, 50, 52, 54, 55, 56, 58, 60, 66, 69, 70, 72, 73, 74, 76, 84, 86, 88, 90, 92, 93, 95, 98, 99]
Indexes pruned for layer 5 : [0, 1, 2, 3, 5, 7, 8, 9, 11, 12, 13, 15, 16, 18, 19, 20, 23, 24, 30, 31, 34, 38, 39, 40, 41, 43, 45, 47, 49, 50, 55, 57, 58, 61, 64, 67, 68, 70, 72, 73, 74, 75, 76, 79, 80, 81, 82, 83, 84, 85, 87, 89, 90, 91, 92, 97, 98, 99]
Indexes pruned for layer 6 : [0, 1, 2, 3, 4, 7, 9, 10, 11, 13, 15, 17, 21, 22, 26, 27, 31, 32, 33, 34, 35, 37, 39, 40, 41, 42, 44, 46, 47, 50, 51, 52, 57, 58, 59, 61, 62, 66, 67, 68, 69, 70, 71, 72, 73, 74, 76, 77, 79, 80, 81, 83, 84, 85, 86, 87, 90, 91, 92, 96, 97]
Indexes pruned for layer 7 : [0, 3, 6, 7, 8, 11, 12, 15, 18, 21, 22, 23, 24, 27, 28, 30, 34, 35, 36, 37, 38, 39, 41, 42, 46, 47, 48, 50, 53, 57, 58, 60, 63, 64, 66, 67, 68, 69, 71, 72, 73, 74, 75, 76, 78, 79, 80, 82, 83, 84, 86, 92, 93, 94, 95, 97, 98, 99]
Indexes pruned for layer 8 : [2, 3, 4, 6, 9, 13, 14, 17, 18, 19, 23, 24, 26, 28, 29, 30, 32, 33, 36, 37, 43, 46, 54, 55, 56, 57, 62, 64, 65, 66, 70, 71, 72, 73, 74, 75, 78, 79, 83, 84, 85, 89, 92, 94, 95, 96]
Indexes pruned for layer 9 : [0, 1, 2, 5, 6, 7, 8, 9, 13, 17, 18, 19, 25, 27, 28, 29, 31, 32, 33, 36, 43, 44, 48, 49, 51, 55, 56, 58, 60, 61, 62, 65, 67, 68, 69, 70, 71, 74, 75, 78, 79, 82, 83, 84, 85, 87, 88, 91, 93, 95, 96, 98]
CALLBACK : RLT (compact) = 46595 (dont 0 en repli chemin lent)
Adding first term equal zero constraint
Adding rec matrices constraint
Number of constraints for the matrix by layers: 381 for 10 layers, [784 100 100 100 100 100 100 100 100 100  10] neurons, boundary layers: [1, 2, 3, 4, 5, 6, 7, 8]
CALLBACK : Ending constraints. Total number of constraints :  145454
Cuts in _write_presolve_row:  ['RLT', 'triangularization', 'McCormick_beta_z', 'beta_logits_comparaison', 'beta_logits_comparaison_big_M', 'sum_beta_logits_equal_logit']
Number of constraints before optimization:  145454
Number of variables before optimization:  757744
All possible cuts:  ['RLT', 'triangularization', 'McCormick_beta_z', 'beta_logits_comparaison', 'beta_logits_comparaison_big_M', 'sum_beta_logits_equal_logit']
Cuts added to dic for _write_presolve_row:  {'RLT': True, 'triangularization': True, 'McCormick_beta_z': True, 'beta_logits_comparaison': True, 'beta_logits_comparaison_big_M': True, 'sum_beta_logits_equal_logit': True}
Writing pre-solve row to results.csv with data_index: 64 target: None
Pre-solve row written to results.csv with data_index: 64 target: None
Pre-solve row written to results.csv with 145454 constraints and 757744 variables.
INFO     00:43:21     [objective_classic.py:97] Adding Objective to the task
CALLBACK : Number of constraints : 145454
[conic bundle] factor=0.01 x 139785 contraintes dualisables candidates => 1398 reellement dualisees (les 138387 autres relachees mais jamais penalisees)
  [cb_native dynamic calibration] h(0)=-4.421564 pool_initial=40/1398
  [cb_native dynamic oracle #5] h=-4.422777 best=-4.421564 pool=40/1398
**** WARNING: FunctionProblem::add_variable(): subgradient extension failed
[cb_native dynamic] round 1: +50 -40 (pool=50/1398)
[cb_native dynamic] cycle detecte : le pool resultant de ce round (+40 -50) a deja ete visite -- arret pour eviter une oscillation infinie, n_iter=2, pool avant maj=50/1398.
[cb_native dynamic] n_iter=2 n_oracle_calls=9 n_pool_updates=1 pool_final=50/1398 termination_code=1 h_center=-4.421564 best_h=-4.421564 stop_reason=None
[conic bundle] data_index=64 target=None optimal_value=-4.421564151030029 n_iter=2 (213.66s)
Initializing UntargetedSDP...
Creating list of ytargets...
K :  10
self.n :  [784 100 100 100 100 100 100 100 100 100  10]
Getting to compute bounds...
STUDY : use active neurons:  True use inactive neurons:  False
STUDY : Nb Stable neurons :  428
Number of cuts to test: 1
Cuts to test: [['RLT', 'triangularization', 'McCormick_beta_z', 'beta_logits_comparaison', 'beta_logits_comparaison_big_M', 'sum_beta_logits_equal_logit']]
Initializing MosekClassicHandler

 
 folder name dans handler:  /lustre/fswork/projects/rech/llc/uvq13au/FastSDPCertification/results/benchmark/9x100-0.026/2026_10_02_00h37_33s_battery-untargeted-rlt-cert
LAST_LAYER in resolve_layer_groups :  False
K :  10
CHORDAL_DECOMPOSITION  in resolve layer groups:  True
INPUT_IN_VARIABLES in resolve_layer_groups :  True
Taille de la matrice pour le groupe 0 [0, 1] : 820
Taille de la matrice pour le groupe 1 [1, 2] : 106
Taille de la matrice pour le groupe 2 [2, 3] : 123
Taille de la matrice pour le groupe 3 [3, 4] : 98
Taille de la matrice pour le groupe 4 [4, 5] : 86
Taille de la matrice pour le groupe 5 [5, 6] : 88
Taille de la matrice pour le groupe 6 [6, 7] : 108
Taille de la matrice pour le groupe 7 [7, 8] : 116
Taille de la matrice pour le groupe 8 [8, 9] : 119
ytargets in UntargetedSDP: [0, 1, 2, 3, 4, 5, 7, 8, 9]
Adjusting MOSEK solver parameters
MOSEK time limit set to 400s
Making objective ...
Initializing variables...
CALLBACK num variables : 771741
Adding ReLU constraints for layer 1
Adding ReLU constraints for layer 2
Adding ReLU constraints for layer 3
Adding ReLU constraints for layer 4
Adding ReLU constraints for layer 5
Adding ReLU constraints for layer 6
Adding ReLU constraints for layer 7
Adding ReLU constraints for layer 8
Adding ReLU constraints for layer 9
Adding quadratic bounds constraint
Adding quadratic bounds constraint for layer 0
Adding quadratic bounds constraint for layer 1
Adding quadratic bounds constraint for layer 2
Adding quadratic bounds constraint for layer 3
Adding quadratic bounds constraint for layer 4
Adding quadratic bounds constraint for layer 5
Adding quadratic bounds constraint for layer 6
Adding quadratic bounds constraint for layer 7
Adding quadratic bounds constraint for layer 8
Adding quadratic bounds constraint for layer 9
Adding RLT constraint (compact)
Indexes pruned for layer 1 : []
Indexes pruned for layer 2 : [0, 1, 2, 7, 8, 9, 10, 12, 13, 14, 17, 18, 19, 21, 22, 23, 24, 26, 27, 28, 30, 31, 33, 34, 36, 38, 39, 41, 43, 44, 45, 46, 47, 50, 54, 56, 57, 60, 61, 62, 63, 64, 65, 66, 68, 69, 70, 71, 74, 75, 77, 78, 80, 82, 83, 85, 87, 88, 89, 90, 91, 92, 95, 99]
Indexes pruned for layer 3 : [4, 15, 17, 21, 23, 24, 31, 32, 34, 38, 44, 47, 48, 53, 54, 55, 56, 59, 61, 69, 70, 73, 75, 80, 84, 86, 88, 92, 95, 99]
Indexes pruned for layer 4 : [0, 3, 5, 6, 7, 8, 9, 10, 11, 12, 14, 15, 17, 18, 22, 25, 27, 28, 30, 31, 37, 39, 41, 42, 43, 50, 52, 54, 55, 56, 58, 60, 66, 69, 70, 71, 72, 74, 76, 81, 86, 88, 90, 91, 93, 95, 98]
Indexes pruned for layer 5 : [1, 3, 5, 7, 8, 9, 11, 12, 13, 15, 16, 18, 19, 20, 23, 24, 29, 30, 31, 34, 38, 39, 40, 41, 43, 45, 47, 49, 50, 52, 55, 57, 58, 64, 66, 67, 68, 70, 72, 73, 74, 75, 78, 79, 80, 81, 83, 84, 85, 87, 89, 91, 92, 98, 99]
Indexes pruned for layer 6 : [0, 1, 2, 3, 4, 7, 9, 10, 11, 13, 15, 17, 21, 22, 23, 26, 27, 31, 32, 33, 34, 35, 36, 37, 40, 41, 42, 44, 46, 47, 49, 50, 52, 58, 59, 61, 62, 66, 67, 68, 69, 70, 72, 73, 74, 77, 79, 80, 81, 83, 85, 86, 87, 88, 90, 91, 92, 96, 97]
Indexes pruned for layer 7 : [0, 3, 6, 7, 8, 11, 12, 15, 18, 21, 23, 27, 28, 30, 34, 35, 36, 37, 38, 39, 41, 42, 45, 46, 47, 48, 50, 53, 55, 57, 58, 60, 66, 68, 71, 72, 73, 74, 76, 78, 79, 80, 82, 83, 84, 86, 87, 92, 93, 94, 95, 97, 99]
Indexes pruned for layer 8 : [1, 2, 3, 4, 6, 9, 13, 14, 17, 18, 19, 23, 24, 26, 28, 30, 32, 33, 36, 37, 43, 55, 57, 62, 64, 65, 66, 70, 71, 72, 73, 74, 75, 79, 83, 84, 92, 95, 96]
Indexes pruned for layer 9 : [0, 1, 2, 5, 6, 7, 9, 17, 18, 19, 23, 25, 27, 28, 31, 32, 33, 36, 43, 44, 48, 49, 51, 55, 56, 58, 60, 61, 62, 65, 67, 68, 69, 70, 71, 75, 78, 83, 84, 87, 88, 91, 93, 95, 96]
CALLBACK : RLT (compact) = 50353 (dont 0 en repli chemin lent)
Adding first term equal zero constraint
Adding rec matrices constraint
Number of constraints for the matrix by layers: 408 for 10 layers, [784 100 100 100 100 100 100 100 100 100  10] neurons, boundary layers: [1, 2, 3, 4, 5, 6, 7, 8]
CALLBACK : Ending constraints. Total number of constraints :  157143
Cuts in _write_presolve_row:  ['RLT', 'triangularization', 'McCormick_beta_z', 'beta_logits_comparaison', 'beta_logits_comparaison_big_M', 'sum_beta_logits_equal_logit']
Number of constraints before optimization:  157143
Number of variables before optimization:  771741
All possible cuts:  ['RLT', 'triangularization', 'McCormick_beta_z', 'beta_logits_comparaison', 'beta_logits_comparaison_big_M', 'sum_beta_logits_equal_logit']
Cuts added to dic for _write_presolve_row:  {'RLT': True, 'triangularization': True, 'McCormick_beta_z': True, 'beta_logits_comparaison': True, 'beta_logits_comparaison_big_M': True, 'sum_beta_logits_equal_logit': True}
Writing pre-solve row to results.csv with data_index: 69 target: None
Pre-solve row written to results.csv with data_index: 69 target: None
Pre-solve row written to results.csv with 157143 constraints and 771741 variables.
INFO     00:46:59     [objective_classic.py:97] Adding Objective to the task
CALLBACK : Number of constraints : 157143
[conic bundle] factor=0.01 x 151059 contraintes dualisables candidates => 1511 reellement dualisees (les 149548 autres relachees mais jamais penalisees)
  [cb_native dynamic calibration] h(0)=-6.591317 pool_initial=50/1511
  [cb_native dynamic oracle #5] h=-6.590549 best=-6.590549 pool=50/1511
**** WARNING: FunctionProblem::add_variable(): subgradient extension failed
[cb_native dynamic] round 1: +50 -0 (pool=100/1511)
  [cb_native dynamic oracle #10] h=-6.590692 best=-6.590549 pool=100/1511
**** WARNING: FunctionProblem::add_variable(): subgradient extension failed
[cb_native dynamic] round 2: +50 -40 (pool=110/1511)
  [cb_native dynamic oracle #15] h=-6.590088 best=-6.589714 pool=110/1511
**** WARNING: FunctionProblem::add_variable(): subgradient extension failed
[cb_native dynamic] round 3: +50 -39 (pool=121/1511)
  [cb_native dynamic oracle #20] h=-6.595240 best=-6.588838 pool=121/1511
**** WARNING: FunctionProblem::add_variable(): subgradient extension failed
  [cb_native dynamic oracle #25] h=-6.588356 best=-6.588356 pool=171/1511
[cb_native dynamic] round 4: +50 -60 (pool=111/1511)
  [cb_native dynamic oracle #30] h=-6.588362 best=-6.588356 pool=111/1511
**** WARNING: FunctionProblem::add_variable(): subgradient extension failed
[cb_native dynamic] round 5: +50 -40 (pool=121/1511)
  [cb_native dynamic oracle #35] h=-6.588240 best=-6.588158 pool=121/1511
**** WARNING: FunctionProblem::add_variable(): subgradient extension failed
[cb_native dynamic] round 6: +50 -3 (pool=168/1511)
  [cb_native dynamic oracle #40] h=-6.588156 best=-6.588156 pool=168/1511
**** WARNING: FunctionProblem::add_variable(): subgradient extension failed
  [cb_native dynamic oracle #45] h=-6.588156 best=-6.588156 pool=218/1511
*** WARNING: Bundle::inner_loop(): new subgradient yields greater objective value =6.58816 in center (oldval=6.58816),
***          maybe the old evaluation in the center was not computed to sufficient precision
***          or the sugbradient information provided by the last oracle call was wrong.
***          Trying a function reevaluation in the center with higher precision...
***          reevaluation in center yields no better value (6.58816)
**** WARNING: FunctionProblem::add_variable(): subgradient extension failed
[cb_native dynamic] round 7: +50 -50 (pool=168/1511)
  [cb_native dynamic oracle #50] h=-6.588156 best=-6.588156 pool=218/1511
*** WARNING: Bundle::inner_loop(): new subgradient yields greater objective value =6.58816 in center (oldval=6.58816),
***          maybe the old evaluation in the center was not computed to sufficient precision
***          or the sugbradient information provided by the last oracle call was wrong.
***          Trying a function reevaluation in the center with higher precision...
***          reevaluation in center yields no better value (6.58816)
**** WARNING: FunctionProblem::add_variable(): subgradient extension failed
[cb_native dynamic] round 8: +50 -50 (pool=168/1511)
[cb_native dynamic] round 9: +50 -50 (pool=168/1511)
  [cb_native dynamic oracle #55] h=-6.588156 best=-6.588156 pool=168/1511
*** WARNING: Bundle::inner_loop(): new subgradient yields greater objective value =6.58816 in center (oldval=6.58816),
***          maybe the old evaluation in the center was not computed to sufficient precision
***          or the sugbradient information provided by the last oracle call was wrong.
***          Trying a function reevaluation in the center with higher precision...
***          reevaluation in center yields no better value (6.58816)
[cb_native dynamic] cycle detecte : le pool resultant de ce round (+50 -50) a deja ete visite -- arret pour eviter une oscillation infinie, n_iter=10, pool avant maj=168/1511.
[cb_native dynamic] n_iter=10 n_oracle_calls=57 n_pool_updates=9 pool_final=168/1511 termination_code=1 h_center=-6.588156 best_h=-6.588156 stop_reason=None
[conic bundle] data_index=69 target=None optimal_value=-6.588155930555766 n_iter=10 (1102.65s)
Initializing UntargetedSDP...
Creating list of ytargets...
K :  10
self.n :  [784 100 100 100 100 100 100 100 100 100  10]
Getting to compute bounds...
STUDY : use active neurons:  True use inactive neurons:  False
STUDY : Nb Stable neurons :  469
Number of cuts to test: 1
Cuts to test: [['RLT', 'triangularization', 'McCormick_beta_z', 'beta_logits_comparaison', 'beta_logits_comparaison_big_M', 'sum_beta_logits_equal_logit']]
Initializing MosekClassicHandler

 
 folder name dans handler:  /lustre/fswork/projects/rech/llc/uvq13au/FastSDPCertification/results/benchmark/9x100-0.026/2026_10_02_00h37_33s_battery-untargeted-rlt-cert
LAST_LAYER in resolve_layer_groups :  False
K :  10
CHORDAL_DECOMPOSITION  in resolve layer groups:  True
INPUT_IN_VARIABLES in resolve_layer_groups :  True
Taille de la matrice pour le groupe 0 [0, 1] : 824
Taille de la matrice pour le groupe 1 [1, 2] : 113
Taille de la matrice pour le groupe 2 [2, 3] : 119
Taille de la matrice pour le groupe 3 [3, 4] : 91
Taille de la matrice pour le groupe 4 [4, 5] : 78
Taille de la matrice pour le groupe 5 [5, 6] : 73
Taille de la matrice pour le groupe 6 [6, 7] : 93
Taille de la matrice pour le groupe 7 [7, 8] : 98
Taille de la matrice pour le groupe 8 [8, 9] : 101
ytargets in UntargetedSDP: [0, 1, 2, 3, 4, 5, 6, 7, 9]
Adjusting MOSEK solver parameters
MOSEK time limit set to 400s
Making objective ...
Initializing variables...
CALLBACK num variables : 762385
Adding ReLU constraints for layer 1
Adding ReLU constraints for layer 2
Adding ReLU constraints for layer 3
Adding ReLU constraints for layer 4
Adding ReLU constraints for layer 5
Adding ReLU constraints for layer 6
Adding ReLU constraints for layer 7
Adding ReLU constraints for layer 8
Adding ReLU constraints for layer 9
Adding quadratic bounds constraint
Adding quadratic bounds constraint for layer 0
Adding quadratic bounds constraint for layer 1
Adding quadratic bounds constraint for layer 2
Adding quadratic bounds constraint for layer 3
Adding quadratic bounds constraint for layer 4
Adding quadratic bounds constraint for layer 5
Adding quadratic bounds constraint for layer 6
Adding quadratic bounds constraint for layer 7
Adding quadratic bounds constraint for layer 8
Adding quadratic bounds constraint for layer 9
Adding RLT constraint (compact)
Indexes pruned for layer 1 : []
Indexes pruned for layer 2 : [0, 1, 2, 4, 8, 9, 11, 12, 13, 14, 16, 17, 18, 19, 21, 22, 24, 25, 26, 31, 32, 34, 38, 39, 41, 42, 44, 45, 47, 50, 51, 54, 55, 56, 57, 58, 61, 62, 63, 65, 66, 68, 71, 74, 75, 77, 78, 79, 80, 82, 83, 85, 87, 88, 89, 90, 91, 92, 95, 99]
Indexes pruned for layer 3 : [6, 7, 11, 20, 21, 24, 31, 38, 42, 44, 46, 47, 50, 53, 59, 61, 62, 64, 70, 71, 75, 79, 80, 86, 88, 92, 95]
Indexes pruned for layer 4 : [0, 1, 3, 4, 5, 6, 7, 8, 9, 11, 12, 13, 14, 15, 16, 17, 18, 22, 25, 27, 28, 37, 39, 40, 42, 43, 44, 45, 48, 49, 50, 52, 54, 55, 56, 58, 60, 63, 66, 70, 72, 73, 75, 76, 83, 84, 85, 86, 88, 91, 93, 95, 97, 99]
Indexes pruned for layer 5 : [0, 1, 3, 5, 9, 10, 11, 12, 13, 16, 18, 20, 23, 24, 26, 30, 34, 38, 39, 40, 41, 42, 43, 44, 45, 47, 49, 50, 51, 53, 58, 59, 61, 64, 65, 67, 68, 70, 72, 73, 74, 78, 79, 80, 81, 82, 83, 84, 85, 86, 87, 92, 97, 98, 99]
Indexes pruned for layer 6 : [0, 1, 2, 3, 4, 6, 8, 9, 10, 11, 13, 15, 17, 21, 22, 26, 27, 31, 32, 33, 34, 35, 36, 37, 39, 40, 41, 42, 44, 46, 47, 48, 51, 52, 54, 55, 58, 60, 61, 62, 63, 65, 66, 67, 68, 70, 72, 73, 74, 76, 77, 79, 81, 82, 83, 84, 85, 86, 87, 88, 90, 91, 92, 95, 96, 97, 98]
Indexes pruned for layer 7 : [0, 2, 3, 4, 6, 7, 8, 11, 12, 13, 14, 18, 20, 21, 22, 23, 27, 30, 34, 35, 36, 37, 38, 39, 41, 42, 47, 48, 53, 55, 56, 57, 59, 60, 61, 62, 64, 66, 68, 70, 72, 73, 74, 75, 76, 78, 79, 82, 83, 84, 85, 86, 87, 92, 93, 94, 95, 96, 97, 99]
Indexes pruned for layer 8 : [2, 3, 4, 6, 9, 11, 14, 17, 18, 19, 21, 23, 24, 26, 28, 29, 32, 33, 35, 36, 37, 39, 40, 43, 49, 55, 56, 57, 61, 62, 64, 65, 66, 68, 72, 73, 74, 75, 76, 79, 86, 90, 92, 95, 96, 97, 98]
Indexes pruned for layer 9 : [1, 2, 4, 5, 6, 7, 9, 13, 16, 17, 18, 19, 23, 24, 25, 26, 27, 28, 31, 32, 33, 36, 43, 44, 48, 49, 50, 51, 55, 56, 57, 59, 60, 62, 65, 67, 68, 70, 72, 74, 75, 78, 82, 83, 84, 85, 86, 87, 88, 91, 93, 94, 95, 96, 98]
CALLBACK : RLT (compact) = 49538 (dont 0 en repli chemin lent)
Adding first term equal zero constraint
Adding rec matrices constraint
Number of constraints for the matrix by layers: 375 for 10 layers, [784 100 100 100 100 100 100 100 100 100  10] neurons, boundary layers: [1, 2, 3, 4, 5, 6, 7, 8]
CALLBACK : Ending constraints. Total number of constraints :  154118
Cuts in _write_presolve_row:  ['RLT', 'triangularization', 'McCormick_beta_z', 'beta_logits_comparaison', 'beta_logits_comparaison_big_M', 'sum_beta_logits_equal_logit']
Number of constraints before optimization:  154118
Number of variables before optimization:  762385
All possible cuts:  ['RLT', 'triangularization', 'McCormick_beta_z', 'beta_logits_comparaison', 'beta_logits_comparaison_big_M', 'sum_beta_logits_equal_logit']
Cuts added to dic for _write_presolve_row:  {'RLT': True, 'triangularization': True, 'McCormick_beta_z': True, 'beta_logits_comparaison': True, 'beta_logits_comparaison_big_M': True, 'sum_beta_logits_equal_logit': True}
Writing pre-solve row to results.csv with data_index: 84 target: None
Pre-solve row written to results.csv with data_index: 84 target: None
Pre-solve row written to results.csv with 154118 constraints and 762385 variables.
INFO     01:05:25     [objective_classic.py:97] Adding Objective to the task
CALLBACK : Number of constraints : 154118
[conic bundle] factor=0.01 x 148614 contraintes dualisables candidates => 1486 reellement dualisees (les 147128 autres relachees mais jamais penalisees)
  [cb_native dynamic calibration] h(0)=-3.652477 pool_initial=15/1486
[cb_native dynamic] point mort : aucune contrainte RLT candidate violee et les 15 contraintes actives ne sont plus necessaires (theta_r->0) -- rien ne peut plus changer, arret a n_iter=1, pool=15/1486.
[cb_native dynamic] n_iter=1 n_oracle_calls=2 n_pool_updates=0 pool_final=15/1486 termination_code=1 h_center=-3.652477 best_h=-3.652477 stop_reason=None
[conic bundle] data_index=84 target=None optimal_value=-3.6524770129962247 n_iter=1 (44.56s)
Initializing UntargetedSDP...
Creating list of ytargets...
K :  10
self.n :  [784 100 100 100 100 100 100 100 100 100  10]
Getting to compute bounds...
STUDY : use active neurons:  True use inactive neurons:  False
STUDY : Nb Stable neurons :  475
Number of cuts to test: 1
Cuts to test: [['RLT', 'triangularization', 'McCormick_beta_z', 'beta_logits_comparaison', 'beta_logits_comparaison_big_M', 'sum_beta_logits_equal_logit']]
Initializing MosekClassicHandler

 
 folder name dans handler:  /lustre/fswork/projects/rech/llc/uvq13au/FastSDPCertification/results/benchmark/9x100-0.026/2026_10_02_00h37_33s_battery-untargeted-rlt-cert
LAST_LAYER in resolve_layer_groups :  False
K :  10
CHORDAL_DECOMPOSITION  in resolve layer groups:  True
INPUT_IN_VARIABLES in resolve_layer_groups :  True
Taille de la matrice pour le groupe 0 [0, 1] : 824
Taille de la matrice pour le groupe 1 [1, 2] : 110
Taille de la matrice pour le groupe 2 [2, 3] : 118
Taille de la matrice pour le groupe 3 [3, 4] : 92
Taille de la matrice pour le groupe 4 [4, 5] : 83
Taille de la matrice pour le groupe 5 [5, 6] : 77
Taille de la matrice pour le groupe 6 [6, 7] : 89
Taille de la matrice pour le groupe 7 [7, 8] : 94
Taille de la matrice pour le groupe 8 [8, 9] : 95
ytargets in UntargetedSDP: [0, 1, 2, 3, 4, 5, 6, 7, 9]
Adjusting MOSEK solver parameters
MOSEK time limit set to 400s
Making objective ...
Initializing variables...
CALLBACK num variables : 760255
Adding ReLU constraints for layer 1
Adding ReLU constraints for layer 2
Adding ReLU constraints for layer 3
Adding ReLU constraints for layer 4
Adding ReLU constraints for layer 5
Adding ReLU constraints for layer 6
Adding ReLU constraints for layer 7
Adding ReLU constraints for layer 8
Adding ReLU constraints for layer 9
Adding quadratic bounds constraint
Adding quadratic bounds constraint for layer 0
Adding quadratic bounds constraint for layer 1
Adding quadratic bounds constraint for layer 2
Adding quadratic bounds constraint for layer 3
Adding quadratic bounds constraint for layer 4
Adding quadratic bounds constraint for layer 5
Adding quadratic bounds constraint for layer 6
Adding quadratic bounds constraint for layer 7
Adding quadratic bounds constraint for layer 8
Adding quadratic bounds constraint for layer 9
Adding RLT constraint (compact)
Indexes pruned for layer 1 : []
Indexes pruned for layer 2 : [1, 2, 4, 8, 9, 11, 12, 13, 14, 16, 18, 19, 21, 22, 24, 25, 26, 27, 28, 31, 32, 34, 36, 38, 39, 41, 42, 45, 47, 50, 53, 55, 56, 57, 58, 59, 60, 61, 63, 65, 66, 68, 69, 70, 71, 74, 75, 77, 78, 79, 80, 81, 82, 83, 85, 87, 90, 91, 92, 95]
Indexes pruned for layer 3 : [4, 6, 7, 11, 17, 18, 20, 24, 31, 38, 40, 44, 47, 50, 54, 55, 59, 61, 62, 64, 70, 71, 75, 79, 80, 85, 86, 88, 92, 95]
Indexes pruned for layer 4 : [0, 1, 3, 5, 6, 7, 8, 9, 11, 12, 13, 14, 15, 16, 17, 22, 25, 27, 28, 34, 37, 39, 42, 43, 44, 45, 48, 49, 50, 52, 54, 56, 58, 60, 63, 65, 66, 70, 72, 73, 75, 76, 78, 83, 84, 86, 88, 90, 91, 93, 95, 99]
Indexes pruned for layer 5 : [0, 1, 2, 3, 5, 9, 11, 12, 13, 16, 18, 20, 23, 24, 30, 31, 34, 38, 39, 40, 41, 42, 43, 44, 45, 47, 49, 50, 51, 55, 58, 59, 61, 64, 65, 68, 70, 72, 73, 74, 78, 79, 80, 81, 82, 83, 84, 86, 87, 88, 90, 92, 95, 97, 98, 99]
Indexes pruned for layer 6 : [0, 1, 2, 3, 4, 6, 8, 9, 10, 11, 13, 15, 17, 21, 22, 26, 27, 31, 32, 33, 35, 36, 37, 39, 40, 41, 42, 43, 44, 46, 48, 51, 52, 54, 55, 57, 60, 61, 62, 63, 65, 66, 68, 69, 70, 72, 73, 74, 76, 77, 79, 81, 83, 84, 85, 86, 87, 90, 92, 96, 98]
Indexes pruned for layer 7 : [0, 3, 4, 5, 6, 7, 8, 11, 12, 13, 17, 18, 19, 20, 21, 22, 23, 27, 28, 30, 34, 35, 36, 37, 38, 39, 41, 42, 45, 47, 48, 50, 55, 57, 59, 60, 61, 64, 66, 68, 70, 72, 73, 74, 75, 76, 78, 79, 80, 82, 83, 84, 85, 86, 87, 92, 93, 94, 95, 96, 97, 99]
Indexes pruned for layer 8 : [2, 3, 4, 6, 9, 11, 14, 17, 18, 19, 21, 23, 24, 26, 28, 29, 32, 33, 36, 37, 39, 43, 46, 49, 55, 56, 57, 60, 61, 62, 63, 64, 65, 66, 68, 72, 73, 74, 75, 76, 78, 79, 86, 90, 92, 95, 96, 97, 98]
Indexes pruned for layer 9 : [1, 2, 4, 5, 6, 7, 9, 13, 16, 17, 18, 19, 21, 23, 24, 25, 26, 27, 28, 31, 32, 33, 36, 43, 44, 48, 49, 50, 51, 55, 56, 57, 59, 60, 62, 65, 67, 68, 70, 72, 74, 75, 78, 79, 82, 83, 84, 85, 86, 87, 88, 89, 91, 93, 94, 95, 96]
CALLBACK : RLT (compact) = 49197 (dont 0 en repli chemin lent)
Adding first term equal zero constraint
Adding rec matrices constraint
Number of constraints for the matrix by layers: 373 for 10 layers, [784 100 100 100 100 100 100 100 100 100  10] neurons, boundary layers: [1, 2, 3, 4, 5, 6, 7, 8]
CALLBACK : Ending constraints. Total number of constraints :  152949
Cuts in _write_presolve_row:  ['RLT', 'triangularization', 'McCormick_beta_z', 'beta_logits_comparaison', 'beta_logits_comparaison_big_M', 'sum_beta_logits_equal_logit']
Number of constraints before optimization:  152949
Number of variables before optimization:  760255
All possible cuts:  ['RLT', 'triangularization', 'McCormick_beta_z', 'beta_logits_comparaison', 'beta_logits_comparaison_big_M', 'sum_beta_logits_equal_logit']
Cuts added to dic for _write_presolve_row:  {'RLT': True, 'triangularization': True, 'McCormick_beta_z': True, 'beta_logits_comparaison': True, 'beta_logits_comparaison_big_M': True, 'sum_beta_logits_equal_logit': True}
Writing pre-solve row to results.csv with data_index: 89 target: None
Pre-solve row written to results.csv with data_index: 89 target: None
Pre-solve row written to results.csv with 152949 constraints and 760255 variables.
INFO     01:06:13     [objective_classic.py:97] Adding Objective to the task
CALLBACK : Number of constraints : 152949
[conic bundle] factor=0.01 x 147591 contraintes dualisables candidates => 1476 reellement dualisees (les 146115 autres relachees mais jamais penalisees)
  [cb_native dynamic calibration] h(0)=-3.205759 pool_initial=50/1476
  [cb_native dynamic oracle #5] h=-3.206434 best=-3.205759 pool=50/1476
**** WARNING: FunctionProblem::add_variable(): subgradient extension failed
**** WARNING: FunctionProblem::add_variable(): subgradient extension failed
[cb_native dynamic] round 1: +50 -11 (pool=89/1476)
  [cb_native dynamic oracle #10] h=-3.205703 best=-3.205703 pool=139/1476
[cb_native dynamic] round 2: +50 -50 (pool=89/1476)
[cb_native dynamic] cycle detecte : le pool resultant de ce round (+50 -50) a deja ete visite -- arret pour eviter une oscillation infinie, n_iter=3, pool avant maj=89/1476.
[cb_native dynamic] n_iter=3 n_oracle_calls=11 n_pool_updates=2 pool_final=89/1476 termination_code=1 h_center=-3.205703 best_h=-3.205703 stop_reason=None
[conic bundle] data_index=89 target=None optimal_value=-3.2057033698830266 n_iter=3 (203.71s)
Log saved → /lustre/fswork/projects/rech/llc/uvq13au/FastSDPCertification/results/benchmark/9x100-0.026/2026_10_02_00h37_33s_battery-untargeted-rlt-cert/run.log
