Loading pytorch-gpu/py3/2.0.0
  Loading requirement: cuda/11.7.1 nccl/2.12.12-1-cuda cudnn/8.5.0.96-11.7-cuda
    gcc/8.5.0 openmpi/4.1.1-cuda intel-mkl/2020.4 magma/2.7.0-cuda sox/14.4.2
    sparsehash/2.0.3 libjpeg-turbo/2.1.3 ffmpeg/N-94431
Unloading openmpi/4.1.1-cuda
  Unloading dependent: pytorch-gpu/py3/2.0.0
  Unloading useless requirement: ffmpeg/N-94431 libjpeg-turbo/2.1.3
    sparsehash/2.0.3 sox/14.4.2 magma/2.7.0-cuda intel-mkl/2020.4 gcc/8.5.0
    cudnn/8.5.0.96-11.7-cuda nccl/2.12.12-1-cuda cuda/11.7.1
Loading openmpi/4.1.1
  Loading requirement: gcc/8.5.0 intel-compilers/19.1.3
Loading gcc/15.2.0
  ERROR: Conflicting gcc is loaded
./CBsources/fullscaling.cxx: In member function 'virtual int ConicBundle::BundleFullScaling::compute_QP_costs(CH_Matrix_Classes::Symmatrix&, CH_Matrix_Classes::Matrix&, CH_Matrix_Classes::Real&, const ConicBundle::BundleQPData*, CH_Matrix_Classes::Integer, const CH_Matrix_Classes::Matrix&, const CH_Matrix_Classes::Matrix&, const CH_Matrix_Classes::Matrix&, const CH_Matrix_Classes::Matrix&, const CH_Matrix_Classes::Indexmatrix&) const':
./CBsources/fullscaling.cxx:197:5: warning: this 'if' clause does not guard... [-Wmisleading-indentation]
     if (out)
     ^~
./CBsources/fullscaling.cxx:199:7: note: ...this statement, but the latter is misleadingly indented as if it were guarded by the 'if'
       return 1;
       ^~~~~~
./CBsources/lowrankscaling.cxx: In member function 'virtual int ConicBundle::BundleLowRankScaling::update_QP_costs(CH_Matrix_Classes::Matrix&, CH_Matrix_Classes::Real&, const ConicBundle::BundleQPData*, CH_Matrix_Classes::Integer, const CH_Matrix_Classes::Matrix&, const CH_Matrix_Classes::Matrix&, const CH_Matrix_Classes::Matrix&, const CH_Matrix_Classes::Matrix&, const CH_Matrix_Classes::Indexmatrix&, const CH_Matrix_Classes::Matrix&) const':
./CBsources/lowrankscaling.cxx:398:7: warning: this 'if' clause does not guard... [-Wmisleading-indentation]
       if (out)
       ^~
./CBsources/lowrankscaling.cxx:400:2: note: ...this statement, but the latter is misleadingly indented as if it were guarded by the 'if'
  return 1;
  ^~~~~~
./CBsources/fulltrscaling.cxx: In member function 'virtual int ConicBundle::BundleFullTrustRegionScaling::compute_QP_costs(CH_Matrix_Classes::Symmatrix&, CH_Matrix_Classes::Matrix&, CH_Matrix_Classes::Real&, const ConicBundle::BundleQPData*, CH_Matrix_Classes::Integer, const CH_Matrix_Classes::Matrix&, const CH_Matrix_Classes::Matrix&, const CH_Matrix_Classes::Matrix&, const CH_Matrix_Classes::Matrix&, const CH_Matrix_Classes::Indexmatrix&) const':
./CBsources/fulltrscaling.cxx:203:5: warning: this 'if' clause does not guard... [-Wmisleading-indentation]
     if (out)
     ^~
./CBsources/fulltrscaling.cxx:205:7: note: ...this statement, but the latter is misleadingly indented as if it were guarded by the 'if'
       return 1;
       ^~~~~~
./CBsources/lowranktrscaling.cxx: In member function 'virtual int ConicBundle::BundleLowRankTrustRegionScaling::update_QP_costs(CH_Matrix_Classes::Matrix&, CH_Matrix_Classes::Real&, const ConicBundle::BundleQPData*, CH_Matrix_Classes::Integer, const CH_Matrix_Classes::Matrix&, const CH_Matrix_Classes::Matrix&, const CH_Matrix_Classes::Matrix&, const CH_Matrix_Classes::Matrix&, const CH_Matrix_Classes::Indexmatrix&, const CH_Matrix_Classes::Matrix&) const':
./CBsources/lowranktrscaling.cxx:401:7: warning: this 'if' clause does not guard... [-Wmisleading-indentation]
       if (out)
       ^~
./CBsources/lowranktrscaling.cxx:403:2: note: ...this statement, but the latter is misleadingly indented as if it were guarded by the 'if'
  return 1;
  ^~~~~~
./CBsources/lowrankSMscaling.cxx: In member function 'virtual int ConicBundle::BundleLowRankSMScaling::update_QP_costs(CH_Matrix_Classes::Matrix&, CH_Matrix_Classes::Real&, const ConicBundle::BundleQPData*, CH_Matrix_Classes::Integer, const CH_Matrix_Classes::Matrix&, const CH_Matrix_Classes::Matrix&, const CH_Matrix_Classes::Matrix&, const CH_Matrix_Classes::Matrix&, const CH_Matrix_Classes::Indexmatrix&, const CH_Matrix_Classes::Matrix&) const':
./CBsources/lowrankSMscaling.cxx:397:7: warning: this 'if' clause does not guard... [-Wmisleading-indentation]
       if (out)
       ^~
./CBsources/lowrankSMscaling.cxx:399:2: note: ...this statement, but the latter is misleadingly indented as if it were guarded by the 'if'
  return 1;
  ^~~~~~
./CBsources/lowranktrSMscaling.cxx: In member function 'virtual int ConicBundle::BundleLowRankTrustRegionSMScaling::update_QP_costs(CH_Matrix_Classes::Matrix&, CH_Matrix_Classes::Real&, const ConicBundle::BundleQPData*, CH_Matrix_Classes::Integer, const CH_Matrix_Classes::Matrix&, const CH_Matrix_Classes::Matrix&, const CH_Matrix_Classes::Matrix&, const CH_Matrix_Classes::Matrix&, const CH_Matrix_Classes::Indexmatrix&, const CH_Matrix_Classes::Matrix&) const':
./CBsources/lowranktrSMscaling.cxx:403:7: warning: this 'if' clause does not guard... [-Wmisleading-indentation]
       if (out)
       ^~
./CBsources/lowranktrSMscaling.cxx:405:2: note: ...this statement, but the latter is misleadingly indented as if it were guarded by the 'if'
  return 1;
  ^~~~~~
./Matrix/symmat.cxx: In function 'CH_Matrix_Classes::Matrix& CH_Matrix_Classes::genmult(const CH_Matrix_Classes::Symmatrix&, const CH_Matrix_Classes::Matrix&, CH_Matrix_Classes::Matrix&, CH_Matrix_Classes::Real, CH_Matrix_Classes::Real, int)':
./Matrix/symmat.cxx:427:13: warning: variable 'nm' set but not used [-Wunused-but-set-variable]
  Integer nr,nm,nc;
             ^~
/lustre/fswork/projects/rech/llc/uvq13au/venvs/fastsdp/lib/python3.10/site-packages/torch/_jit_internal.py:874: FutureWarning: ignore(True) has been deprecated. TorchScript will now drop the function call on compilation. Use torch.jit.unused now. {}
  warnings.warn(
