Recompilation de ConicBundle (MODE=OPTI) + du pont natif...
make: Entering directory '/lustre/fswork/projects/rech/llc/uvq13au/FastSDPCertification/Miqcr-1.0_triang_sbb_gurobiter_QCP5/ConicBundle'
make: Nothing to be done for 'all'.
make: Leaving directory '/lustre/fswork/projects/rech/llc/uvq13au/FastSDPCertification/Miqcr-1.0_triang_sbb_gurobiter_QCP5/ConicBundle'
make: Entering directory '/lustre/fswork/projects/rech/llc/uvq13au/FastSDPCertification/src/miqcr_bridge/conicbundle_native'
g++ -shared -fPIC -o libcb_native.so \
    -Wl,--whole-archive ../../../Miqcr-1.0_triang_sbb_gurobiter_QCP5/ConicBundle/lib/libcb.a -Wl,--no-whole-archive \
    -lstdc++ -lm
>>> libcb_native.so compilée avec succès.
make: Leaving directory '/lustre/fswork/projects/rech/llc/uvq13au/FastSDPCertification/src/miqcr_bridge/conicbundle_native'
Network: _tmp_untargeted_59_dynamic
Run name: mnist-9x100-jeanzay-test
Job ID: 465421
Number of CPU :  80
Loading certification problem from /lustre/fswork/projects/rech/llc/uvq13au/FastSDPCertification/config/_tmp_untargeted_59_dynamic.yaml ...
Loading dataset ...
config :  {'data': {'name': 'mnist', 'path': 'data/datasets/mnist_subset_10_per_class.pth', 'num_classes': 10, 'num_samples': 100}, 'divide_run': 1, 'input_ball': {'epsilon': 0.026, 'norm': 'Linf'}, 'network': {'name': '9x100', 'path': 'data/models/mnist_adv_9x100.pt', 'K': 10, 'n': [784, 100, 100, 100, 100, 100, 100, 100, 100, 100, 10]}, 'models': [{'certification_model_type': 'UntargetedSDP', 'solver': 'mosek_classic', 'cuts': ['RLT', 'triangularization', 'McCormick_beta_z', 'beta_logits_comparaison', 'beta_logits_comparaison_big_M', 'sum_beta_logits_equal_logit'], 'RLT_props': [1.0], 'all_combinations_cuts': False, 'CHORDAL_DECOMPOSITION': True, 'LAST_LAYER': False, 'use_callback': False, 'use_active_neurons': True, 'use_inactive_neurons': False, 'keep_penultimate_actives': True, 'bounds_method': 'from_file', 'bounds_file': 'data/bounds/9x100-0.026_linf.csv', 'solver_time_limit': 400, 'dynamic_conic_bundle': {'enabled': True, 'dualize': ['RLT'], 'engine': 'conicbundle_native', 'dynamic': True, 'factor': 0.01, 'max_iter': 500, 'term_relprec': 1e-07, 'log_every': 5, 'print_level': 0, 'eval_limit': 2000, 'print_png': True, 'png_every': 10, 'add_batch_size': 50, 'theta_drop_tol': 1e-08, 'max_rounds': 100}, 'use_compact_add_rlt': True}]}
Dataset loaded successfully.
Loading epsilon ...
CONFIG  inf CERTIFICATION PROBLEM:      {'data': {'name': 'mnist', 'path': 'data/datasets/mnist_subset_10_per_class.pth', 'num_classes': 10, 'num_samples': 100}, 'divide_run': 1, 'input_ball': {'epsilon': 0.026, 'norm': 'Linf'}, 'network': {'name': '9x100', 'path': 'data/models/mnist_adv_9x100.pt', 'K': 10, 'n': [784, 100, 100, 100, 100, 100, 100, 100, 100, 100, 10]}, 'models': [{'certification_model_type': 'UntargetedSDP', 'solver': 'mosek_classic', 'cuts': ['RLT', 'triangularization', 'McCormick_beta_z', 'beta_logits_comparaison', 'beta_logits_comparaison_big_M', 'sum_beta_logits_equal_logit'], 'RLT_props': [1.0], 'all_combinations_cuts': False, 'CHORDAL_DECOMPOSITION': True, 'LAST_LAYER': False, 'use_callback': False, 'use_active_neurons': True, 'use_inactive_neurons': False, 'keep_penultimate_actives': True, 'bounds_method': 'from_file', 'bounds_file': 'data/bounds/9x100-0.026_linf.csv', 'solver_time_limit': 400, 'dynamic_conic_bundle': {'enabled': True, 'dualize': ['RLT'], 'engine': 'conicbundle_native', 'dynamic': True, 'factor': 0.01, 'max_iter': 500, 'term_relprec': 1e-07, 'log_every': 5, 'print_level': 0, 'eval_limit': 2000, 'print_png': True, 'png_every': 10, 'add_batch_size': 50, 'theta_drop_tol': 1e-08, 'max_rounds': 100}, 'use_compact_add_rlt': True}]}
Epsilon: 0.026, Norm: Linf
Network loaded successfully.
Data name from config: mnist
Initializing Certification Problem ...
Models in certification problem: [SDPSolverConfig(certification_model_type='UntargetedSDP', cuts=['RLT', 'triangularization', 'McCormick_beta_z', 'beta_logits_comparaison', 'beta_logits_comparaison_big_M', 'sum_beta_logits_equal_logit'], all_combinations_cuts=False, RLT_props=[1.0], CHORDAL_DECOMPOSITION=True, LAST_LAYER=False, solver='mosek_classic', cp_solver='MOSEK', cp_solver_kwargs=None, use_callback=False, use_active_neurons=True, ultimate_layer_use_active_neurons=100000.0, use_inactive_neurons=False, keep_penultimate_actives=True, use_compact_add_rlt=True, bounds_file='data/bounds/9x100-0.026_linf.csv', L=None, U=None, bounds_method='from_file', bounds_n_runs=1, write_model=False, INPUT_IN_VARIABLES=True, solver_time_limit=400, dynamic_conic_bundle=DynamicConicBundleConfig(enabled=True, dualize=['RLT'], engine='conicbundle_native', term_relprec=1e-07, eval_limit=2000, print_level=0, log_every=5, active_bounds_fixing=True, max_subg_by_point=10, dynamic=True, max_iter=500, C1=0.0001, C2=0.1, proximal_u_init=1.0, theta_drop_tol=1e-08, add_batch_size=50, max_rounds=100, max_bundle_size=None, bundle_size_factor=None, factor=0.01, max_new_subgradients=None, log_theta_every_n_iter=1, print_png=True, png_every=10, stop_when_positive=True, positivity_threshold=1e-06))]
Data name in certification problem: mnist
dataset in certification problem: <torch.utils.data.dataset.TensorDataset object at 0x15050206aef0>
Certification Problem initialized !
Starting certification problem solving ...
self.models: [SDPSolverConfig(certification_model_type='UntargetedSDP', cuts=['RLT', 'triangularization', 'McCormick_beta_z', 'beta_logits_comparaison', 'beta_logits_comparaison_big_M', 'sum_beta_logits_equal_logit'], all_combinations_cuts=False, RLT_props=[1.0], CHORDAL_DECOMPOSITION=True, LAST_LAYER=False, solver='mosek_classic', cp_solver='MOSEK', cp_solver_kwargs=None, use_callback=False, use_active_neurons=True, ultimate_layer_use_active_neurons=100000.0, use_inactive_neurons=False, keep_penultimate_actives=True, use_compact_add_rlt=True, bounds_file='data/bounds/9x100-0.026_linf.csv', L=None, U=None, bounds_method='from_file', bounds_n_runs=1, write_model=False, INPUT_IN_VARIABLES=True, solver_time_limit=400, dynamic_conic_bundle=DynamicConicBundleConfig(enabled=True, dualize=['RLT'], engine='conicbundle_native', term_relprec=1e-07, eval_limit=2000, print_level=0, log_every=5, active_bounds_fixing=True, max_subg_by_point=10, dynamic=True, max_iter=500, C1=0.0001, C2=0.1, proximal_u_init=1.0, theta_drop_tol=1e-08, add_batch_size=50, max_rounds=100, max_bundle_size=None, bundle_size_factor=None, factor=0.01, max_new_subgradients=None, log_theta_every_n_iter=1, print_png=True, png_every=10, stop_when_positive=True, positivity_threshold=1e-06))]
Solving with model: UntargetedSDP
model dict : certification_model_type='UntargetedSDP' cuts=['RLT', 'triangularization', 'McCormick_beta_z', 'beta_logits_comparaison', 'beta_logits_comparaison_big_M', 'sum_beta_logits_equal_logit'] all_combinations_cuts=False RLT_props=[1.0] CHORDAL_DECOMPOSITION=True LAST_LAYER=False solver='mosek_classic' cp_solver='MOSEK' cp_solver_kwargs=None use_callback=False use_active_neurons=True ultimate_layer_use_active_neurons=100000.0 use_inactive_neurons=False keep_penultimate_actives=True use_compact_add_rlt=True bounds_file='data/bounds/9x100-0.026_linf.csv' L=None U=None bounds_method='from_file' bounds_n_runs=1 write_model=False INPUT_IN_VARIABLES=True solver_time_limit=400 dynamic_conic_bundle=DynamicConicBundleConfig(enabled=True, dualize=['RLT'], engine='conicbundle_native', term_relprec=1e-07, eval_limit=2000, print_level=0, log_every=5, active_bounds_fixing=True, max_subg_by_point=10, dynamic=True, max_iter=500, C1=0.0001, C2=0.1, proximal_u_init=1.0, theta_drop_tol=1e-08, add_batch_size=50, max_rounds=100, max_bundle_size=None, bundle_size_factor=None, factor=0.01, max_new_subgradients=None, log_theta_every_n_iter=1, print_png=True, png_every=10, stop_when_positive=True, positivity_threshold=1e-06)
Running conic bundle certification with solver: UntargetedSDP (dynamic=True)
Initializing UntargetedSDP...
Creating list of ytargets...
K :  10
self.n :  [784 100 100 100 100 100 100 100 100 100  10]
Getting to compute bounds...
STUDY : use active neurons:  True use inactive neurons:  False
STUDY : Nb Stable neurons :  419
Number of cuts to test: 1
Cuts to test: [['RLT', 'triangularization', 'McCormick_beta_z', 'beta_logits_comparaison', 'beta_logits_comparaison_big_M', 'sum_beta_logits_equal_logit']]
Initializing MosekClassicHandler

 
 folder name dans handler:  /lustre/fswork/projects/rech/llc/uvq13au/FastSDPCertification/results/benchmark/9x100-0.026/2026_10_01_19h31_28s_mnist-9x100-jeanzay-test/part_59_60
LAST_LAYER in resolve_layer_groups :  False
K :  10
CHORDAL_DECOMPOSITION  in resolve layer groups:  True
INPUT_IN_VARIABLES in resolve_layer_groups :  True
Taille de la matrice pour le groupe 0 [0, 1] : 832
Taille de la matrice pour le groupe 1 [1, 2] : 108
Taille de la matrice pour le groupe 2 [2, 3] : 108
Taille de la matrice pour le groupe 3 [3, 4] : 96
Taille de la matrice pour le groupe 4 [4, 5] : 92
Taille de la matrice pour le groupe 5 [5, 6] : 90
Taille de la matrice pour le groupe 6 [6, 7] : 107
Taille de la matrice pour le groupe 7 [7, 8] : 121
Taille de la matrice pour le groupe 8 [8, 9] : 126
ytargets in UntargetedSDP: [0, 1, 2, 3, 4, 6, 7, 8, 9]
Adjusting MOSEK solver parameters
MOSEK time limit set to 400s
Making objective ...
Initializing variables...
CALLBACK num variables : 792439
Adding ReLU constraints for layer 1
Adding ReLU constraints for layer 2
Adding ReLU constraints for layer 3
Adding ReLU constraints for layer 4
Adding ReLU constraints for layer 5
Adding ReLU constraints for layer 6
Adding ReLU constraints for layer 7
Adding ReLU constraints for layer 8
Adding ReLU constraints for layer 9
Adding quadratic bounds constraint
Adding quadratic bounds constraint for layer 0
Adding quadratic bounds constraint for layer 1
Adding quadratic bounds constraint for layer 2
Adding quadratic bounds constraint for layer 3
Adding quadratic bounds constraint for layer 4
Adding quadratic bounds constraint for layer 5
Adding quadratic bounds constraint for layer 6
Adding quadratic bounds constraint for layer 7
Adding quadratic bounds constraint for layer 8
Adding quadratic bounds constraint for layer 9
Adding RLT constraint (compact)
Indexes pruned for layer 1 : []
Indexes pruned for layer 2 : [0, 2, 5, 6, 7, 8, 9, 11, 12, 13, 14, 18, 19, 21, 22, 24, 25, 26, 28, 32, 36, 38, 39, 42, 44, 45, 50, 53, 54, 55, 56, 57, 58, 60, 61, 63, 65, 68, 70, 71, 73, 75, 77, 78, 82, 83, 85, 87, 90, 91, 95, 99]
Indexes pruned for layer 3 : [4, 6, 7, 11, 12, 17, 20, 21, 24, 28, 31, 34, 38, 42, 44, 46, 47, 50, 51, 52, 54, 61, 62, 64, 67, 68, 70, 73, 75, 79, 81, 85, 86, 88, 90, 93, 95, 96, 98, 99]
Indexes pruned for layer 4 : [0, 1, 3, 5, 6, 7, 8, 9, 11, 12, 14, 15, 16, 17, 18, 20, 22, 25, 27, 28, 34, 37, 39, 42, 43, 49, 50, 52, 54, 56, 58, 60, 63, 65, 66, 70, 71, 72, 73, 74, 75, 76, 78, 81, 84, 86, 88, 90, 93, 95, 97, 99]
Indexes pruned for layer 5 : [0, 1, 2, 3, 7, 8, 9, 11, 12, 13, 16, 23, 24, 26, 30, 31, 34, 39, 40, 41, 43, 44, 45, 47, 49, 50, 55, 57, 58, 59, 65, 67, 68, 70, 72, 73, 78, 79, 80, 81, 82, 83, 84, 85, 87, 88, 89, 91, 92, 94, 97, 99]
Indexes pruned for layer 6 : [0, 1, 2, 3, 5, 6, 10, 11, 13, 15, 17, 21, 22, 27, 31, 33, 34, 35, 36, 39, 40, 41, 42, 46, 48, 52, 55, 57, 58, 60, 61, 62, 63, 65, 66, 67, 68, 70, 71, 72, 73, 74, 77, 79, 81, 82, 83, 84, 85, 86, 87, 88, 90, 91, 92, 95]
Indexes pruned for layer 7 : [0, 3, 6, 7, 8, 11, 12, 13, 14, 15, 18, 20, 21, 23, 24, 25, 27, 28, 30, 35, 36, 37, 38, 39, 41, 42, 48, 49, 51, 53, 57, 59, 60, 61, 62, 68, 69, 70, 72, 73, 74, 76, 78, 80, 83, 85, 86, 87, 91, 92, 93, 95, 96, 99]
Indexes pruned for layer 8 : [2, 3, 4, 6, 9, 11, 14, 17, 18, 23, 24, 26, 28, 32, 35, 36, 37, 40, 45, 49, 55, 57, 59, 62, 63, 64, 65, 66, 72, 74, 75, 79, 81, 83, 89, 90, 92, 95, 96]
Indexes pruned for layer 9 : [0, 1, 2, 5, 6, 7, 9, 13, 17, 19, 25, 27, 31, 32, 33, 36, 43, 44, 48, 49, 51, 55, 56, 62, 65, 66, 67, 68, 70, 71, 75, 78, 81, 82, 83, 84, 88, 93, 95, 96]
CALLBACK : RLT (compact) = 60258 (dont 0 en repli chemin lent)
Adding first term equal zero constraint
Adding rec matrices constraint
Number of constraints for the matrix by layers: 415 for 10 layers, [784 100 100 100 100 100 100 100 100 100  10] neurons, boundary layers: [1, 2, 3, 4, 5, 6, 7, 8]
CALLBACK : Ending constraints. Total number of constraints :  187043
Cuts in _write_presolve_row:  ['RLT', 'triangularization', 'McCormick_beta_z', 'beta_logits_comparaison', 'beta_logits_comparaison_big_M', 'sum_beta_logits_equal_logit']
Number of constraints before optimization:  187043
Number of variables before optimization:  792439
All possible cuts:  ['RLT', 'triangularization', 'McCormick_beta_z', 'beta_logits_comparaison', 'beta_logits_comparaison_big_M', 'sum_beta_logits_equal_logit']
Cuts added to dic for _write_presolve_row:  {'RLT': True, 'triangularization': True, 'McCormick_beta_z': True, 'beta_logits_comparaison': True, 'beta_logits_comparaison_big_M': True, 'sum_beta_logits_equal_logit': True}
Writing pre-solve row to results.csv with data_index: 59 target: None
Pre-solve row written to results.csv with data_index: 59 target: None
Pre-solve row written to results.csv with 187043 constraints and 792439 variables.
INFO     19:31:48     [objective_classic.py:97] Adding Objective to the task
CALLBACK : Number of constraints : 187043
[conic bundle] factor=0.01 x 180774 contraintes dualisables candidates => 1808 reellement dualisees (les 178966 autres relachees mais jamais penalisees)
  [cb_native dynamic calibration] h(0)=-7.648853 pool_initial=50/1808
  [cb_native dynamic oracle #5] h=-7.650215 best=-7.648853 pool=50/1808
**** WARNING: FunctionProblem::add_variable(): subgradient extension failed
[cb_native dynamic] round 1: +50 -50 (pool=50/1808)
[cb_native dynamic] cycle detecte : le pool resultant de ce round (+50 -50) a deja ete visite -- arret pour eviter une oscillation infinie, n_iter=2, pool avant maj=50/1808.
[cb_native dynamic] n_iter=2 n_oracle_calls=9 n_pool_updates=1 pool_final=50/1808 termination_code=1 h_center=-7.648853 best_h=-7.648853 stop_reason=None
[conic bundle] data_index=59 target=None optimal_value=-7.648853020669916 n_iter=2 (203.83s)
Log saved → /lustre/fswork/projects/rech/llc/uvq13au/FastSDPCertification/results/benchmark/9x100-0.026/2026_10_01_19h31_28s_mnist-9x100-jeanzay-test/part_59_60/run.log
